#-----------------------------------------------------------
# Vivado v2019.1 (64-bit)
# SW Build 2552052 on Fri May 24 14:49:42 MDT 2019
# IP Build 2548770 on Fri May 24 18:01:18 MDT 2019
# Start of session at: Sat Mar 15 18:37:24 2025
# Process ID: 4956
# Current directory: E:/Electronics/Vivado/RISC-V_Single_Cycle_Core
# Command line: vivado.exe -gui_launcher_event rodinguilauncherevent18596 E:\Electronics\Vivado\RISC-V_Single_Cycle_Core\RISC-V.xpr
# Log file: E:/Electronics/Vivado/RISC-V_Single_Cycle_Core/vivado.log
# Journal file: E:/Electronics/Vivado/RISC-V_Single_Cycle_Core\vivado.jou
#-----------------------------------------------------------
start_gui
open_project E:/Electronics/Vivado/RISC-V_Single_Cycle_Core/RISC-V.xpr
INFO: [Project 1-313] Project file moved from 'E:/Electronics/Vivado/Single_Cycle_Core' since last save.
Scanning sources...
Finished scanning sources
INFO: [IP_Flow 19-234] Refreshing IP repositories
INFO: [IP_Flow 19-1704] No user IP repositories specified
INFO: [IP_Flow 19-2313] Loaded Vivado IP repository 'C:/Xilinx/Vivado/2019.1/data/ip'.
open_project: Time (s): cpu = 00:00:05 ; elapsed = 00:00:08 . Memory (MB): peak = 801.848 ; gain = 117.820
update_compile_order -fileset sources_1
save_project_as {RISC-V Pipelined Core} {E:/Electronics/Vivado/RISC-V Pipelined Core} -force
import_files
INFO: [filemgmt 20-348] Importing the appropriate files for fileset: 'sim_1'
INFO: [filemgmt 20-334] All file(s) are already imported in fileset: 'sources_1'
INFO: [filemgmt 20-348] Importing the appropriate files for fileset: 'sources_1'
close [ open {E:/Electronics/Vivado/RISC-V Pipelined Core/RISC-V Pipelined Core.srcs/sources_1/new/Fetch_Cycle.v} w ]
add_files {{E:/Electronics/Vivado/RISC-V Pipelined Core/RISC-V Pipelined Core.srcs/sources_1/new/Fetch_Cycle.v}}
update_compile_order -fileset sources_1
set_property SOURCE_SET sources_1 [get_filesets sim_1]
close [ open {E:/Electronics/Vivado/RISC-V Pipelined Core/RISC-V Pipelined Core.srcs/sim_1/new/fetch_cycle_tb.v} w ]
add_files -fileset sim_1 {{E:/Electronics/Vivado/RISC-V Pipelined Core/RISC-V Pipelined Core.srcs/sim_1/new/fetch_cycle_tb.v}}
update_compile_order -fileset sim_1
set_property top fetch_cycle_tb [get_filesets sim_1]
set_property top_lib xil_defaultlib [get_filesets sim_1]
update_compile_order -fileset sim_1
launch_simulation
INFO: [Vivado 12-5682] Launching behavioral simulation in 'E:/Electronics/Vivado/RISC-V Pipelined Core/RISC-V Pipelined Core.sim/sim_1/behav/xsim'
INFO: [SIM-utils-51] Simulation object is 'sim_1'
INFO: [SIM-utils-54] Inspecting design source files for 'fetch_cycle_tb' in fileset 'sim_1'...
INFO: [USF-XSim-97] Finding global include files...
INFO: [USF-XSim-98] Fetching design files from 'sim_1'...
INFO: [USF-XSim-2] XSim::Compile design
INFO: [USF-XSim-61] Executing 'COMPILE and ANALYZE' step in 'E:/Electronics/Vivado/RISC-V Pipelined Core/RISC-V Pipelined Core.sim/sim_1/behav/xsim'
"xvlog --incr --relax -prj fetch_cycle_tb_vlog.prj"
INFO: [VRFC 10-2263] Analyzing Verilog file "E:/Electronics/Vivado/RISC-V Pipelined Core/RISC-V Pipelined Core.srcs/sources_1/new/Fetch_Cycle.v" into library xil_defaultlib
INFO: [VRFC 10-311] analyzing module Fetch_Cycle
INFO: [VRFC 10-2263] Analyzing Verilog file "E:/Electronics/Vivado/RISC-V Pipelined Core/RISC-V Pipelined Core.srcs/sources_1/new/Instruction_Memory.v" into library xil_defaultlib
INFO: [VRFC 10-311] analyzing module Instr_Mem
INFO: [VRFC 10-2263] Analyzing Verilog file "E:/Electronics/Vivado/RISC-V Pipelined Core/RISC-V Pipelined Core.srcs/sources_1/new/PC_adder.v" into library xil_defaultlib
INFO: [VRFC 10-311] analyzing module PC_adder
INFO: [VRFC 10-2263] Analyzing Verilog file "E:/Electronics/Vivado/RISC-V Pipelined Core/RISC-V Pipelined Core.srcs/sources_1/new/Program_Counter.v" into library xil_defaultlib
INFO: [VRFC 10-311] analyzing module PC
INFO: [VRFC 10-2263] Analyzing Verilog file "E:/Electronics/Vivado/RISC-V Pipelined Core/RISC-V Pipelined Core.srcs/sources_1/new/mux_2X1.v" into library xil_defaultlib
INFO: [VRFC 10-311] analyzing module mux_2X1
INFO: [VRFC 10-2263] Analyzing Verilog file "E:/Electronics/Vivado/RISC-V Pipelined Core/RISC-V Pipelined Core.srcs/sim_1/new/fetch_cycle_tb.v" into library xil_defaultlib
INFO: [VRFC 10-311] analyzing module fetch_cycle_tb
INFO: [VRFC 10-2263] Analyzing Verilog file "E:/Electronics/Vivado/RISC-V Pipelined Core/RISC-V Pipelined Core.sim/sim_1/behav/xsim/glbl.v" into library xil_defaultlib
INFO: [VRFC 10-311] analyzing module glbl
INFO: [USF-XSim-69] 'compile' step finished in '3' seconds
INFO: [USF-XSim-3] XSim::Elaborate design
INFO: [USF-XSim-61] Executing 'ELABORATE' step in 'E:/Electronics/Vivado/RISC-V Pipelined Core/RISC-V Pipelined Core.sim/sim_1/behav/xsim'
"xelab -wto 9ccd67f064064eb4a4204e2d1f8a53da --incr --debug typical --relax --mt 2 -L xil_defaultlib -L unisims_ver -L unimacro_ver -L secureip --snapshot fetch_cycle_tb_behav xil_defaultlib.fetch_cycle_tb xil_defaultlib.glbl -log elaborate.log"
Vivado Simulator 2019.1
Copyright 1986-1999, 2001-2019 Xilinx, Inc. All Rights Reserved.
Running: C:/Xilinx/Vivado/2019.1/bin/unwrapped/win64.o/xelab.exe -wto 9ccd67f064064eb4a4204e2d1f8a53da --incr --debug typical --relax --mt 2 -L xil_defaultlib -L unisims_ver -L unimacro_ver -L secureip --snapshot fetch_cycle_tb_behav xil_defaultlib.fetch_cycle_tb xil_defaultlib.glbl -log elaborate.log 
Using 2 slave threads.
Starting static elaboration
Completed static elaboration
Starting simulation data flow analysis
WARNING: [XSIM 43-4099] "E:/Electronics/Vivado/RISC-V Pipelined Core/RISC-V Pipelined Core.srcs/sources_1/new/Fetch_Cycle.v" Line 2. Module Fetch_Cycle doesn't have a timescale but at least one module in design has a timescale.
Completed simulation data flow analysis
Time Resolution for simulation is 1ps
Compiling module xil_defaultlib.mux_2X1
Compiling module xil_defaultlib.PC
Compiling module xil_defaultlib.Instr_Mem
Compiling module xil_defaultlib.PC_adder
Compiling module xil_defaultlib.Fetch_Cycle
Compiling module xil_defaultlib.fetch_cycle_tb
Compiling module xil_defaultlib.glbl
Built simulation snapshot fetch_cycle_tb_behav

****** Webtalk v2019.1 (64-bit)
  **** SW Build 2552052 on Fri May 24 14:49:42 MDT 2019
  **** IP Build 2548770 on Fri May 24 18:01:18 MDT 2019
    ** Copyright 1986-2019 Xilinx, Inc. All Rights Reserved.

source E:/Electronics/Vivado/RISC-V -notrace
couldn't read file "E:/Electronics/Vivado/RISC-V": no such file or directory
INFO: [Common 17-206] Exiting Webtalk at Sat Mar 15 19:33:34 2025...
INFO: [USF-XSim-69] 'elaborate' step finished in '4' seconds
INFO: [USF-XSim-4] XSim::Simulate design
INFO: [USF-XSim-61] Executing 'SIMULATE' step in 'E:/Electronics/Vivado/RISC-V Pipelined Core/RISC-V Pipelined Core.sim/sim_1/behav/xsim'
INFO: [USF-XSim-98] *** Running xsim
   with args "fetch_cycle_tb_behav -key {Behavioral:sim_1:Functional:fetch_cycle_tb} -tclbatch {fetch_cycle_tb.tcl} -view {{E:/Electronics/Vivado/RISC-V Pipelined Core/RISC-V Pipelined Core.srcs/sim_1/imports/RISC-V_Single_Cycle_Core/Single_Cycle_Processor_tb_behav.wcfg}} -log {simulate.log}"
INFO: [USF-XSim-8] Loading simulator feature
Vivado Simulator 2019.1
Time resolution is 1 ps
open_wave_config {E:/Electronics/Vivado/RISC-V Pipelined Core/RISC-V Pipelined Core.srcs/sim_1/imports/RISC-V_Single_Cycle_Core/Single_Cycle_Processor_tb_behav.wcfg}
WARNING: Simulation object /Single_Cycle_Processor_tb/clk was not found in the design.
WARNING: Simulation object /Single_Cycle_Processor_tb/rst was not found in the design.
WARNING: Simulation object /Single_Cycle_Processor_tb/dut/PC_top was not found in the design.
WARNING: Simulation object /Single_Cycle_Processor_tb/dut/PC_plus4 was not found in the design.
WARNING: Simulation object /Single_Cycle_Processor_tb/dut/inst_mem_module/A was not found in the design.
WARNING: Simulation object /Single_Cycle_Processor_tb/dut/inst_mem_module/RD was not found in the design.
WARNING: Simulation object /Single_Cycle_Processor_tb/dut/imm_extend_module/Instr was not found in the design.
WARNING: Simulation object /Single_Cycle_Processor_tb/dut/imm_extend_module/Imm_Ext was not found in the design.
WARNING: Simulation object /Single_Cycle_Processor_tb/dut/reg_file/A1 was not found in the design.
WARNING: Simulation object /Single_Cycle_Processor_tb/dut/reg_file/RD1 was not found in the design.
WARNING: Simulation object /Single_Cycle_Processor_tb/dut/reg_file/A2 was not found in the design.
WARNING: Simulation object /Single_Cycle_Processor_tb/dut/reg_file/RD2 was not found in the design.
WARNING: Simulation object /Single_Cycle_Processor_tb/dut/reg_file/WE3 was not found in the design.
WARNING: Simulation object /Single_Cycle_Processor_tb/dut/reg_file/A3 was not found in the design.
WARNING: Simulation object /Single_Cycle_Processor_tb/dut/reg_file/WD3 was not found in the design.
WARNING: Simulation object /Single_Cycle_Processor_tb/dut/ALU_module/A was not found in the design.
WARNING: Simulation object /Single_Cycle_Processor_tb/dut/ALU_module/B was not found in the design.
WARNING: Simulation object /Single_Cycle_Processor_tb/dut/ALU_module/AluControl was not found in the design.
WARNING: Simulation object /Single_Cycle_Processor_tb/dut/ALU_module/result was not found in the design.
WARNING: Simulation object /Single_Cycle_Processor_tb/dut/Control_Unit_Top/opcode was not found in the design.
WARNING: Simulation object /Single_Cycle_Processor_tb/dut/Control_Unit_Top/funct3 was not found in the design.
WARNING: Simulation object /Single_Cycle_Processor_tb/dut/Control_Unit_Top/ALUControl was not found in the design.
WARNING: Simulation object /Single_Cycle_Processor_tb/dut/Control_Unit_Top/RegWrite was not found in the design.
WARNING: Simulation object /Single_Cycle_Processor_tb/dut/Data_Memory/A was not found in the design.
WARNING: Simulation object /Single_Cycle_Processor_tb/dut/Data_Memory/WD was not found in the design.
WARNING: Simulation object /Single_Cycle_Processor_tb/dut/Data_Memory/WE was not found in the design.
WARNING: Simulation object /Single_Cycle_Processor_tb/dut/Data_Memory/RD was not found in the design.
source fetch_cycle_tb.tcl
# set curr_wave [current_wave_config]
# if { [string length $curr_wave] == 0 } {
#   if { [llength [get_objects]] > 0} {
#     add_wave /
#     set_property needs_save false [current_wave_config]
#   } else {
#      send_msg_id Add_Wave-1 WARNING "No top level signals found. Simulator will start without a wave window. If you want to open a wave window go to 'File->New Waveform Configuration' or type 'create_wave_config' in the TCL console."
#   }
# }
# run 1000ns
$finish called at time : 700 ns : File "E:/Electronics/Vivado/RISC-V Pipelined Core/RISC-V Pipelined Core.srcs/sim_1/new/fetch_cycle_tb.v" Line 27
INFO: [USF-XSim-96] XSim completed. Design snapshot 'fetch_cycle_tb_behav' loaded.
INFO: [USF-XSim-97] XSim simulation ran for 1000ns
launch_simulation: Time (s): cpu = 00:00:04 ; elapsed = 00:00:11 . Memory (MB): peak = 878.848 ; gain = 13.566
relaunch_sim
INFO: [Vivado 12-5682] Launching behavioral simulation in 'E:/Electronics/Vivado/RISC-V Pipelined Core/RISC-V Pipelined Core.sim/sim_1/behav/xsim'
INFO: [SIM-utils-51] Simulation object is 'sim_1'
INFO: [SIM-utils-54] Inspecting design source files for 'fetch_cycle_tb' in fileset 'sim_1'...
INFO: [USF-XSim-97] Finding global include files...
INFO: [USF-XSim-98] Fetching design files from 'sim_1'...
INFO: [USF-XSim-2] XSim::Compile design
INFO: [USF-XSim-61] Executing 'COMPILE and ANALYZE' step in 'E:/Electronics/Vivado/RISC-V Pipelined Core/RISC-V Pipelined Core.sim/sim_1/behav/xsim'
"xvlog --incr --relax -prj fetch_cycle_tb_vlog.prj"
INFO: [USF-XSim-69] 'compile' step finished in '1' seconds
INFO: [Vivado 12-5682] Launching behavioral simulation in 'E:/Electronics/Vivado/RISC-V Pipelined Core/RISC-V Pipelined Core.sim/sim_1/behav/xsim'
INFO: [USF-XSim-3] XSim::Elaborate design
INFO: [USF-XSim-61] Executing 'ELABORATE' step in 'E:/Electronics/Vivado/RISC-V Pipelined Core/RISC-V Pipelined Core.sim/sim_1/behav/xsim'
"xelab -wto 9ccd67f064064eb4a4204e2d1f8a53da --incr --debug typical --relax --mt 2 -L xil_defaultlib -L unisims_ver -L unimacro_ver -L secureip --snapshot fetch_cycle_tb_behav xil_defaultlib.fetch_cycle_tb xil_defaultlib.glbl -log elaborate.log"
Vivado Simulator 2019.1
Copyright 1986-1999, 2001-2019 Xilinx, Inc. All Rights Reserved.
Running: C:/Xilinx/Vivado/2019.1/bin/unwrapped/win64.o/xelab.exe -wto 9ccd67f064064eb4a4204e2d1f8a53da --incr --debug typical --relax --mt 2 -L xil_defaultlib -L unisims_ver -L unimacro_ver -L secureip --snapshot fetch_cycle_tb_behav xil_defaultlib.fetch_cycle_tb xil_defaultlib.glbl -log elaborate.log 
Using 2 slave threads.
Starting static elaboration
Completed static elaboration
INFO: [XSIM 43-4323] No Change in HDL. Linking previously generated obj files to create kernel
INFO: [USF-XSim-69] 'elaborate' step finished in '2' seconds
Vivado Simulator 2019.1
Time resolution is 1 ps
$finish called at time : 700 ns : File "E:/Electronics/Vivado/RISC-V Pipelined Core/RISC-V Pipelined Core.srcs/sim_1/new/fetch_cycle_tb.v" Line 27
relaunch_sim: Time (s): cpu = 00:00:02 ; elapsed = 00:00:09 . Memory (MB): peak = 908.254 ; gain = 0.000
relaunch_sim
INFO: [Vivado 12-5682] Launching behavioral simulation in 'E:/Electronics/Vivado/RISC-V Pipelined Core/RISC-V Pipelined Core.sim/sim_1/behav/xsim'
INFO: [SIM-utils-51] Simulation object is 'sim_1'
INFO: [SIM-utils-54] Inspecting design source files for 'fetch_cycle_tb' in fileset 'sim_1'...
INFO: [USF-XSim-97] Finding global include files...
INFO: [USF-XSim-98] Fetching design files from 'sim_1'...
INFO: [USF-XSim-2] XSim::Compile design
INFO: [USF-XSim-61] Executing 'COMPILE and ANALYZE' step in 'E:/Electronics/Vivado/RISC-V Pipelined Core/RISC-V Pipelined Core.sim/sim_1/behav/xsim'
"xvlog --incr --relax -prj fetch_cycle_tb_vlog.prj"
INFO: [VRFC 10-2263] Analyzing Verilog file "E:/Electronics/Vivado/RISC-V Pipelined Core/RISC-V Pipelined Core.srcs/sources_1/new/Fetch_Cycle.v" into library xil_defaultlib
INFO: [VRFC 10-311] analyzing module Fetch_Cycle
INFO: [VRFC 10-2263] Analyzing Verilog file "E:/Electronics/Vivado/RISC-V Pipelined Core/RISC-V Pipelined Core.srcs/sources_1/new/Instruction_Memory.v" into library xil_defaultlib
INFO: [VRFC 10-311] analyzing module Instr_Mem
INFO: [VRFC 10-2263] Analyzing Verilog file "E:/Electronics/Vivado/RISC-V Pipelined Core/RISC-V Pipelined Core.srcs/sources_1/new/PC_adder.v" into library xil_defaultlib
INFO: [VRFC 10-311] analyzing module PC_adder
INFO: [VRFC 10-2263] Analyzing Verilog file "E:/Electronics/Vivado/RISC-V Pipelined Core/RISC-V Pipelined Core.srcs/sources_1/new/Program_Counter.v" into library xil_defaultlib
INFO: [VRFC 10-311] analyzing module PC
INFO: [VRFC 10-2263] Analyzing Verilog file "E:/Electronics/Vivado/RISC-V Pipelined Core/RISC-V Pipelined Core.srcs/sources_1/new/mux_2X1.v" into library xil_defaultlib
INFO: [VRFC 10-311] analyzing module mux_2X1
INFO: [VRFC 10-2263] Analyzing Verilog file "E:/Electronics/Vivado/RISC-V Pipelined Core/RISC-V Pipelined Core.srcs/sim_1/new/fetch_cycle_tb.v" into library xil_defaultlib
INFO: [VRFC 10-311] analyzing module fetch_cycle_tb
INFO: [USF-XSim-69] 'compile' step finished in '1' seconds
INFO: [Vivado 12-5682] Launching behavioral simulation in 'E:/Electronics/Vivado/RISC-V Pipelined Core/RISC-V Pipelined Core.sim/sim_1/behav/xsim'
INFO: [USF-XSim-3] XSim::Elaborate design
INFO: [USF-XSim-61] Executing 'ELABORATE' step in 'E:/Electronics/Vivado/RISC-V Pipelined Core/RISC-V Pipelined Core.sim/sim_1/behav/xsim'
"xelab -wto 9ccd67f064064eb4a4204e2d1f8a53da --incr --debug typical --relax --mt 2 -L xil_defaultlib -L unisims_ver -L unimacro_ver -L secureip --snapshot fetch_cycle_tb_behav xil_defaultlib.fetch_cycle_tb xil_defaultlib.glbl -log elaborate.log"
Vivado Simulator 2019.1
Copyright 1986-1999, 2001-2019 Xilinx, Inc. All Rights Reserved.
Running: C:/Xilinx/Vivado/2019.1/bin/unwrapped/win64.o/xelab.exe -wto 9ccd67f064064eb4a4204e2d1f8a53da --incr --debug typical --relax --mt 2 -L xil_defaultlib -L unisims_ver -L unimacro_ver -L secureip --snapshot fetch_cycle_tb_behav xil_defaultlib.fetch_cycle_tb xil_defaultlib.glbl -log elaborate.log 
Using 2 slave threads.
Starting static elaboration
Completed static elaboration
Starting simulation data flow analysis
WARNING: [XSIM 43-4099] "E:/Electronics/Vivado/RISC-V Pipelined Core/RISC-V Pipelined Core.srcs/sources_1/new/Fetch_Cycle.v" Line 2. Module Fetch_Cycle doesn't have a timescale but at least one module in design has a timescale.
Completed simulation data flow analysis
Time Resolution for simulation is 1ps
Compiling module xil_defaultlib.mux_2X1
Compiling module xil_defaultlib.PC
Compiling module xil_defaultlib.Instr_Mem
Compiling module xil_defaultlib.PC_adder
Compiling module xil_defaultlib.Fetch_Cycle
Compiling module xil_defaultlib.fetch_cycle_tb
Compiling module xil_defaultlib.glbl
Built simulation snapshot fetch_cycle_tb_behav
INFO: [USF-XSim-69] 'elaborate' step finished in '2' seconds
Vivado Simulator 2019.1
Time resolution is 1 ps
$finish called at time : 550 ns : File "E:/Electronics/Vivado/RISC-V Pipelined Core/RISC-V Pipelined Core.srcs/sim_1/new/fetch_cycle_tb.v" Line 27
relaunch_sim: Time (s): cpu = 00:00:01 ; elapsed = 00:00:07 . Memory (MB): peak = 911.594 ; gain = 0.000
relaunch_sim
INFO: [Vivado 12-5682] Launching behavioral simulation in 'E:/Electronics/Vivado/RISC-V Pipelined Core/RISC-V Pipelined Core.sim/sim_1/behav/xsim'
INFO: [SIM-utils-51] Simulation object is 'sim_1'
INFO: [SIM-utils-54] Inspecting design source files for 'fetch_cycle_tb' in fileset 'sim_1'...
INFO: [USF-XSim-97] Finding global include files...
INFO: [USF-XSim-98] Fetching design files from 'sim_1'...
INFO: [USF-XSim-2] XSim::Compile design
INFO: [USF-XSim-61] Executing 'COMPILE and ANALYZE' step in 'E:/Electronics/Vivado/RISC-V Pipelined Core/RISC-V Pipelined Core.sim/sim_1/behav/xsim'
"xvlog --incr --relax -prj fetch_cycle_tb_vlog.prj"
INFO: [VRFC 10-2263] Analyzing Verilog file "E:/Electronics/Vivado/RISC-V Pipelined Core/RISC-V Pipelined Core.srcs/sources_1/new/Fetch_Cycle.v" into library xil_defaultlib
INFO: [VRFC 10-311] analyzing module Fetch_Cycle
INFO: [VRFC 10-2263] Analyzing Verilog file "E:/Electronics/Vivado/RISC-V Pipelined Core/RISC-V Pipelined Core.srcs/sources_1/new/Instruction_Memory.v" into library xil_defaultlib
INFO: [VRFC 10-311] analyzing module Instr_Mem
INFO: [VRFC 10-2263] Analyzing Verilog file "E:/Electronics/Vivado/RISC-V Pipelined Core/RISC-V Pipelined Core.srcs/sources_1/new/PC_adder.v" into library xil_defaultlib
INFO: [VRFC 10-311] analyzing module PC_adder
INFO: [VRFC 10-2263] Analyzing Verilog file "E:/Electronics/Vivado/RISC-V Pipelined Core/RISC-V Pipelined Core.srcs/sources_1/new/Program_Counter.v" into library xil_defaultlib
INFO: [VRFC 10-311] analyzing module PC
INFO: [VRFC 10-2263] Analyzing Verilog file "E:/Electronics/Vivado/RISC-V Pipelined Core/RISC-V Pipelined Core.srcs/sources_1/new/mux_2X1.v" into library xil_defaultlib
INFO: [VRFC 10-311] analyzing module mux_2X1
INFO: [VRFC 10-2263] Analyzing Verilog file "E:/Electronics/Vivado/RISC-V Pipelined Core/RISC-V Pipelined Core.srcs/sim_1/new/fetch_cycle_tb.v" into library xil_defaultlib
INFO: [VRFC 10-311] analyzing module fetch_cycle_tb
INFO: [USF-XSim-69] 'compile' step finished in '2' seconds
INFO: [Vivado 12-5682] Launching behavioral simulation in 'E:/Electronics/Vivado/RISC-V Pipelined Core/RISC-V Pipelined Core.sim/sim_1/behav/xsim'
INFO: [USF-XSim-3] XSim::Elaborate design
INFO: [USF-XSim-61] Executing 'ELABORATE' step in 'E:/Electronics/Vivado/RISC-V Pipelined Core/RISC-V Pipelined Core.sim/sim_1/behav/xsim'
"xelab -wto 9ccd67f064064eb4a4204e2d1f8a53da --incr --debug typical --relax --mt 2 -L xil_defaultlib -L unisims_ver -L unimacro_ver -L secureip --snapshot fetch_cycle_tb_behav xil_defaultlib.fetch_cycle_tb xil_defaultlib.glbl -log elaborate.log"
Vivado Simulator 2019.1
Copyright 1986-1999, 2001-2019 Xilinx, Inc. All Rights Reserved.
Running: C:/Xilinx/Vivado/2019.1/bin/unwrapped/win64.o/xelab.exe -wto 9ccd67f064064eb4a4204e2d1f8a53da --incr --debug typical --relax --mt 2 -L xil_defaultlib -L unisims_ver -L unimacro_ver -L secureip --snapshot fetch_cycle_tb_behav xil_defaultlib.fetch_cycle_tb xil_defaultlib.glbl -log elaborate.log 
Using 2 slave threads.
Starting static elaboration
Completed static elaboration
Starting simulation data flow analysis
WARNING: [XSIM 43-4099] "E:/Electronics/Vivado/RISC-V Pipelined Core/RISC-V Pipelined Core.srcs/sources_1/new/Fetch_Cycle.v" Line 2. Module Fetch_Cycle doesn't have a timescale but at least one module in design has a timescale.
Completed simulation data flow analysis
Time Resolution for simulation is 1ps
Compiling module xil_defaultlib.mux_2X1
Compiling module xil_defaultlib.PC
Compiling module xil_defaultlib.Instr_Mem
Compiling module xil_defaultlib.PC_adder
Compiling module xil_defaultlib.Fetch_Cycle
Compiling module xil_defaultlib.fetch_cycle_tb
Compiling module xil_defaultlib.glbl
Built simulation snapshot fetch_cycle_tb_behav
INFO: [USF-XSim-69] 'elaborate' step finished in '1' seconds
Vivado Simulator 2019.1
Time resolution is 1 ps
$finish called at time : 550 ns : File "E:/Electronics/Vivado/RISC-V Pipelined Core/RISC-V Pipelined Core.srcs/sim_1/new/fetch_cycle_tb.v" Line 27
relaunch_sim: Time (s): cpu = 00:00:00 ; elapsed = 00:00:07 . Memory (MB): peak = 915.656 ; gain = 0.000
run 50 ns
run 50 ns
run 50 ns
run 50 ns
run 50 ns
run 50 ns
run 50 ns
run 50 ns
run 50 ns
run 50 ns
run 50 ns
run 50 ns
run 50 ns
run 50 ns
run 50 ns
relaunch_sim
INFO: [Vivado 12-5682] Launching behavioral simulation in 'E:/Electronics/Vivado/RISC-V Pipelined Core/RISC-V Pipelined Core.sim/sim_1/behav/xsim'
INFO: [SIM-utils-51] Simulation object is 'sim_1'
INFO: [SIM-utils-54] Inspecting design source files for 'fetch_cycle_tb' in fileset 'sim_1'...
INFO: [USF-XSim-97] Finding global include files...
INFO: [USF-XSim-98] Fetching design files from 'sim_1'...
INFO: [USF-XSim-2] XSim::Compile design
INFO: [USF-XSim-61] Executing 'COMPILE and ANALYZE' step in 'E:/Electronics/Vivado/RISC-V Pipelined Core/RISC-V Pipelined Core.sim/sim_1/behav/xsim'
"xvlog --incr --relax -prj fetch_cycle_tb_vlog.prj"
INFO: [VRFC 10-2263] Analyzing Verilog file "E:/Electronics/Vivado/RISC-V Pipelined Core/RISC-V Pipelined Core.srcs/sources_1/new/Fetch_Cycle.v" into library xil_defaultlib
INFO: [VRFC 10-311] analyzing module Fetch_Cycle
INFO: [VRFC 10-2263] Analyzing Verilog file "E:/Electronics/Vivado/RISC-V Pipelined Core/RISC-V Pipelined Core.srcs/sources_1/new/Instruction_Memory.v" into library xil_defaultlib
INFO: [VRFC 10-311] analyzing module Instr_Mem
INFO: [VRFC 10-2263] Analyzing Verilog file "E:/Electronics/Vivado/RISC-V Pipelined Core/RISC-V Pipelined Core.srcs/sources_1/new/PC_adder.v" into library xil_defaultlib
INFO: [VRFC 10-311] analyzing module PC_adder
INFO: [VRFC 10-2263] Analyzing Verilog file "E:/Electronics/Vivado/RISC-V Pipelined Core/RISC-V Pipelined Core.srcs/sources_1/new/Program_Counter.v" into library xil_defaultlib
INFO: [VRFC 10-311] analyzing module PC
INFO: [VRFC 10-2263] Analyzing Verilog file "E:/Electronics/Vivado/RISC-V Pipelined Core/RISC-V Pipelined Core.srcs/sources_1/new/mux_2X1.v" into library xil_defaultlib
INFO: [VRFC 10-311] analyzing module mux_2X1
INFO: [VRFC 10-2263] Analyzing Verilog file "E:/Electronics/Vivado/RISC-V Pipelined Core/RISC-V Pipelined Core.srcs/sim_1/new/fetch_cycle_tb.v" into library xil_defaultlib
INFO: [VRFC 10-311] analyzing module fetch_cycle_tb
INFO: [USF-XSim-69] 'compile' step finished in '1' seconds
INFO: [Vivado 12-5682] Launching behavioral simulation in 'E:/Electronics/Vivado/RISC-V Pipelined Core/RISC-V Pipelined Core.sim/sim_1/behav/xsim'
INFO: [USF-XSim-3] XSim::Elaborate design
INFO: [USF-XSim-61] Executing 'ELABORATE' step in 'E:/Electronics/Vivado/RISC-V Pipelined Core/RISC-V Pipelined Core.sim/sim_1/behav/xsim'
"xelab -wto 9ccd67f064064eb4a4204e2d1f8a53da --incr --debug typical --relax --mt 2 -L xil_defaultlib -L unisims_ver -L unimacro_ver -L secureip --snapshot fetch_cycle_tb_behav xil_defaultlib.fetch_cycle_tb xil_defaultlib.glbl -log elaborate.log"
Vivado Simulator 2019.1
Copyright 1986-1999, 2001-2019 Xilinx, Inc. All Rights Reserved.
Running: C:/Xilinx/Vivado/2019.1/bin/unwrapped/win64.o/xelab.exe -wto 9ccd67f064064eb4a4204e2d1f8a53da --incr --debug typical --relax --mt 2 -L xil_defaultlib -L unisims_ver -L unimacro_ver -L secureip --snapshot fetch_cycle_tb_behav xil_defaultlib.fetch_cycle_tb xil_defaultlib.glbl -log elaborate.log 
Using 2 slave threads.
Starting static elaboration
Completed static elaboration
Starting simulation data flow analysis
WARNING: [XSIM 43-4099] "E:/Electronics/Vivado/RISC-V Pipelined Core/RISC-V Pipelined Core.srcs/sources_1/new/Fetch_Cycle.v" Line 2. Module Fetch_Cycle doesn't have a timescale but at least one module in design has a timescale.
Completed simulation data flow analysis
Time Resolution for simulation is 1ps
Compiling module xil_defaultlib.mux_2X1
Compiling module xil_defaultlib.PC
Compiling module xil_defaultlib.Instr_Mem
Compiling module xil_defaultlib.PC_adder
Compiling module xil_defaultlib.Fetch_Cycle
Compiling module xil_defaultlib.fetch_cycle_tb
Compiling module xil_defaultlib.glbl
Built simulation snapshot fetch_cycle_tb_behav
INFO: [USF-XSim-69] 'elaborate' step finished in '1' seconds
Vivado Simulator 2019.1
Time resolution is 1 ps
$finish called at time : 550 ns : File "E:/Electronics/Vivado/RISC-V Pipelined Core/RISC-V Pipelined Core.srcs/sim_1/new/fetch_cycle_tb.v" Line 27
relaunch_sim: Time (s): cpu = 00:00:00 ; elapsed = 00:00:06 . Memory (MB): peak = 919.938 ; gain = 0.000
run 50 ns
run 50 ns
relaunch_sim
INFO: [Vivado 12-5682] Launching behavioral simulation in 'E:/Electronics/Vivado/RISC-V Pipelined Core/RISC-V Pipelined Core.sim/sim_1/behav/xsim'
INFO: [SIM-utils-51] Simulation object is 'sim_1'
INFO: [SIM-utils-54] Inspecting design source files for 'fetch_cycle_tb' in fileset 'sim_1'...
INFO: [USF-XSim-97] Finding global include files...
INFO: [USF-XSim-98] Fetching design files from 'sim_1'...
INFO: [USF-XSim-2] XSim::Compile design
INFO: [USF-XSim-61] Executing 'COMPILE and ANALYZE' step in 'E:/Electronics/Vivado/RISC-V Pipelined Core/RISC-V Pipelined Core.sim/sim_1/behav/xsim'
"xvlog --incr --relax -prj fetch_cycle_tb_vlog.prj"
INFO: [USF-XSim-69] 'compile' step finished in '1' seconds
INFO: [Vivado 12-5682] Launching behavioral simulation in 'E:/Electronics/Vivado/RISC-V Pipelined Core/RISC-V Pipelined Core.sim/sim_1/behav/xsim'
INFO: [USF-XSim-3] XSim::Elaborate design
INFO: [USF-XSim-61] Executing 'ELABORATE' step in 'E:/Electronics/Vivado/RISC-V Pipelined Core/RISC-V Pipelined Core.sim/sim_1/behav/xsim'
"xelab -wto 9ccd67f064064eb4a4204e2d1f8a53da --incr --debug typical --relax --mt 2 -L xil_defaultlib -L unisims_ver -L unimacro_ver -L secureip --snapshot fetch_cycle_tb_behav xil_defaultlib.fetch_cycle_tb xil_defaultlib.glbl -log elaborate.log"
Vivado Simulator 2019.1
Copyright 1986-1999, 2001-2019 Xilinx, Inc. All Rights Reserved.
Running: C:/Xilinx/Vivado/2019.1/bin/unwrapped/win64.o/xelab.exe -wto 9ccd67f064064eb4a4204e2d1f8a53da --incr --debug typical --relax --mt 2 -L xil_defaultlib -L unisims_ver -L unimacro_ver -L secureip --snapshot fetch_cycle_tb_behav xil_defaultlib.fetch_cycle_tb xil_defaultlib.glbl -log elaborate.log 
Using 2 slave threads.
Starting static elaboration
Completed static elaboration
INFO: [XSIM 43-4323] No Change in HDL. Linking previously generated obj files to create kernel
INFO: [USF-XSim-69] 'elaborate' step finished in '1' seconds
Vivado Simulator 2019.1
Time resolution is 1 ps
$finish called at time : 550 ns : File "E:/Electronics/Vivado/RISC-V Pipelined Core/RISC-V Pipelined Core.srcs/sim_1/new/fetch_cycle_tb.v" Line 27
relaunch_sim: Time (s): cpu = 00:00:01 ; elapsed = 00:00:06 . Memory (MB): peak = 919.938 ; gain = 0.000
run 50 ns
run 50 ns
run 50 ns
run 50 ns
run 50 ns
run 50 ns
run 50 ns
run 50 ns
run 50 ns
run 50 ns
run 50 ns
run 50 ns
run 50 ns
run 50 ns
run 50 ns
run 50 ns
run 50 ns
run 50 ns
run 50 ns
run 50 ns
run 50 ns
run 50 ns
run 50 ns
relaunch_sim
INFO: [Vivado 12-5682] Launching behavioral simulation in 'E:/Electronics/Vivado/RISC-V Pipelined Core/RISC-V Pipelined Core.sim/sim_1/behav/xsim'
INFO: [SIM-utils-51] Simulation object is 'sim_1'
INFO: [SIM-utils-54] Inspecting design source files for 'fetch_cycle_tb' in fileset 'sim_1'...
INFO: [USF-XSim-97] Finding global include files...
INFO: [USF-XSim-98] Fetching design files from 'sim_1'...
INFO: [USF-XSim-2] XSim::Compile design
INFO: [USF-XSim-61] Executing 'COMPILE and ANALYZE' step in 'E:/Electronics/Vivado/RISC-V Pipelined Core/RISC-V Pipelined Core.sim/sim_1/behav/xsim'
"xvlog --incr --relax -prj fetch_cycle_tb_vlog.prj"
INFO: [USF-XSim-69] 'compile' step finished in '2' seconds
INFO: [Vivado 12-5682] Launching behavioral simulation in 'E:/Electronics/Vivado/RISC-V Pipelined Core/RISC-V Pipelined Core.sim/sim_1/behav/xsim'
INFO: [USF-XSim-3] XSim::Elaborate design
INFO: [USF-XSim-61] Executing 'ELABORATE' step in 'E:/Electronics/Vivado/RISC-V Pipelined Core/RISC-V Pipelined Core.sim/sim_1/behav/xsim'
"xelab -wto 9ccd67f064064eb4a4204e2d1f8a53da --incr --debug typical --relax --mt 2 -L xil_defaultlib -L unisims_ver -L unimacro_ver -L secureip --snapshot fetch_cycle_tb_behav xil_defaultlib.fetch_cycle_tb xil_defaultlib.glbl -log elaborate.log"
Vivado Simulator 2019.1
Copyright 1986-1999, 2001-2019 Xilinx, Inc. All Rights Reserved.
Running: C:/Xilinx/Vivado/2019.1/bin/unwrapped/win64.o/xelab.exe -wto 9ccd67f064064eb4a4204e2d1f8a53da --incr --debug typical --relax --mt 2 -L xil_defaultlib -L unisims_ver -L unimacro_ver -L secureip --snapshot fetch_cycle_tb_behav xil_defaultlib.fetch_cycle_tb xil_defaultlib.glbl -log elaborate.log 
Using 2 slave threads.
Starting static elaboration
Completed static elaboration
INFO: [XSIM 43-4323] No Change in HDL. Linking previously generated obj files to create kernel
INFO: [USF-XSim-69] 'elaborate' step finished in '1' seconds
Vivado Simulator 2019.1
Time resolution is 1 ps
$finish called at time : 550 ns : File "E:/Electronics/Vivado/RISC-V Pipelined Core/RISC-V Pipelined Core.srcs/sim_1/new/fetch_cycle_tb.v" Line 27
relaunch_sim: Time (s): cpu = 00:00:01 ; elapsed = 00:00:07 . Memory (MB): peak = 923.906 ; gain = 0.000
relaunch_sim
INFO: [Vivado 12-5682] Launching behavioral simulation in 'E:/Electronics/Vivado/RISC-V Pipelined Core/RISC-V Pipelined Core.sim/sim_1/behav/xsim'
INFO: [SIM-utils-51] Simulation object is 'sim_1'
INFO: [SIM-utils-54] Inspecting design source files for 'fetch_cycle_tb' in fileset 'sim_1'...
INFO: [USF-XSim-97] Finding global include files...
INFO: [USF-XSim-98] Fetching design files from 'sim_1'...
INFO: [USF-XSim-2] XSim::Compile design
INFO: [USF-XSim-61] Executing 'COMPILE and ANALYZE' step in 'E:/Electronics/Vivado/RISC-V Pipelined Core/RISC-V Pipelined Core.sim/sim_1/behav/xsim'
"xvlog --incr --relax -prj fetch_cycle_tb_vlog.prj"
INFO: [USF-XSim-69] 'compile' step finished in '2' seconds
INFO: [Vivado 12-5682] Launching behavioral simulation in 'E:/Electronics/Vivado/RISC-V Pipelined Core/RISC-V Pipelined Core.sim/sim_1/behav/xsim'
INFO: [USF-XSim-3] XSim::Elaborate design
INFO: [USF-XSim-61] Executing 'ELABORATE' step in 'E:/Electronics/Vivado/RISC-V Pipelined Core/RISC-V Pipelined Core.sim/sim_1/behav/xsim'
"xelab -wto 9ccd67f064064eb4a4204e2d1f8a53da --incr --debug typical --relax --mt 2 -L xil_defaultlib -L unisims_ver -L unimacro_ver -L secureip --snapshot fetch_cycle_tb_behav xil_defaultlib.fetch_cycle_tb xil_defaultlib.glbl -log elaborate.log"
Vivado Simulator 2019.1
Copyright 1986-1999, 2001-2019 Xilinx, Inc. All Rights Reserved.
Running: C:/Xilinx/Vivado/2019.1/bin/unwrapped/win64.o/xelab.exe -wto 9ccd67f064064eb4a4204e2d1f8a53da --incr --debug typical --relax --mt 2 -L xil_defaultlib -L unisims_ver -L unimacro_ver -L secureip --snapshot fetch_cycle_tb_behav xil_defaultlib.fetch_cycle_tb xil_defaultlib.glbl -log elaborate.log 
Using 2 slave threads.
Starting static elaboration
Completed static elaboration
INFO: [XSIM 43-4323] No Change in HDL. Linking previously generated obj files to create kernel
INFO: [USF-XSim-69] 'elaborate' step finished in '1' seconds
Vivado Simulator 2019.1
Time resolution is 1 ps
$finish called at time : 550 ns : File "E:/Electronics/Vivado/RISC-V Pipelined Core/RISC-V Pipelined Core.srcs/sim_1/new/fetch_cycle_tb.v" Line 27
relaunch_sim: Time (s): cpu = 00:00:01 ; elapsed = 00:00:07 . Memory (MB): peak = 923.906 ; gain = 0.000
relaunch_sim
INFO: [Vivado 12-5682] Launching behavioral simulation in 'E:/Electronics/Vivado/RISC-V Pipelined Core/RISC-V Pipelined Core.sim/sim_1/behav/xsim'
INFO: [SIM-utils-51] Simulation object is 'sim_1'
INFO: [SIM-utils-54] Inspecting design source files for 'fetch_cycle_tb' in fileset 'sim_1'...
INFO: [USF-XSim-97] Finding global include files...
INFO: [USF-XSim-98] Fetching design files from 'sim_1'...
INFO: [USF-XSim-2] XSim::Compile design
INFO: [USF-XSim-61] Executing 'COMPILE and ANALYZE' step in 'E:/Electronics/Vivado/RISC-V Pipelined Core/RISC-V Pipelined Core.sim/sim_1/behav/xsim'
"xvlog --incr --relax -prj fetch_cycle_tb_vlog.prj"
INFO: [USF-XSim-69] 'compile' step finished in '2' seconds
INFO: [Vivado 12-5682] Launching behavioral simulation in 'E:/Electronics/Vivado/RISC-V Pipelined Core/RISC-V Pipelined Core.sim/sim_1/behav/xsim'
INFO: [USF-XSim-3] XSim::Elaborate design
INFO: [USF-XSim-61] Executing 'ELABORATE' step in 'E:/Electronics/Vivado/RISC-V Pipelined Core/RISC-V Pipelined Core.sim/sim_1/behav/xsim'
"xelab -wto 9ccd67f064064eb4a4204e2d1f8a53da --incr --debug typical --relax --mt 2 -L xil_defaultlib -L unisims_ver -L unimacro_ver -L secureip --snapshot fetch_cycle_tb_behav xil_defaultlib.fetch_cycle_tb xil_defaultlib.glbl -log elaborate.log"
Vivado Simulator 2019.1
Copyright 1986-1999, 2001-2019 Xilinx, Inc. All Rights Reserved.
Running: C:/Xilinx/Vivado/2019.1/bin/unwrapped/win64.o/xelab.exe -wto 9ccd67f064064eb4a4204e2d1f8a53da --incr --debug typical --relax --mt 2 -L xil_defaultlib -L unisims_ver -L unimacro_ver -L secureip --snapshot fetch_cycle_tb_behav xil_defaultlib.fetch_cycle_tb xil_defaultlib.glbl -log elaborate.log 
Using 2 slave threads.
Starting static elaboration
Completed static elaboration
INFO: [XSIM 43-4323] No Change in HDL. Linking previously generated obj files to create kernel
INFO: [USF-XSim-69] 'elaborate' step finished in '1' seconds
Vivado Simulator 2019.1
Time resolution is 1 ps
$finish called at time : 550 ns : File "E:/Electronics/Vivado/RISC-V Pipelined Core/RISC-V Pipelined Core.srcs/sim_1/new/fetch_cycle_tb.v" Line 27
relaunch_sim: Time (s): cpu = 00:00:01 ; elapsed = 00:00:07 . Memory (MB): peak = 923.906 ; gain = 0.000
relaunch_sim
INFO: [Vivado 12-5682] Launching behavioral simulation in 'E:/Electronics/Vivado/RISC-V Pipelined Core/RISC-V Pipelined Core.sim/sim_1/behav/xsim'
INFO: [SIM-utils-51] Simulation object is 'sim_1'
INFO: [SIM-utils-54] Inspecting design source files for 'fetch_cycle_tb' in fileset 'sim_1'...
INFO: [USF-XSim-97] Finding global include files...
INFO: [USF-XSim-98] Fetching design files from 'sim_1'...
INFO: [USF-XSim-2] XSim::Compile design
INFO: [USF-XSim-61] Executing 'COMPILE and ANALYZE' step in 'E:/Electronics/Vivado/RISC-V Pipelined Core/RISC-V Pipelined Core.sim/sim_1/behav/xsim'
"xvlog --incr --relax -prj fetch_cycle_tb_vlog.prj"
INFO: [VRFC 10-2263] Analyzing Verilog file "E:/Electronics/Vivado/RISC-V Pipelined Core/RISC-V Pipelined Core.srcs/sources_1/new/Fetch_Cycle.v" into library xil_defaultlib
INFO: [VRFC 10-311] analyzing module Fetch_Cycle
INFO: [VRFC 10-2263] Analyzing Verilog file "E:/Electronics/Vivado/RISC-V Pipelined Core/RISC-V Pipelined Core.srcs/sources_1/new/Instruction_Memory.v" into library xil_defaultlib
INFO: [VRFC 10-311] analyzing module Instr_Mem
INFO: [VRFC 10-2263] Analyzing Verilog file "E:/Electronics/Vivado/RISC-V Pipelined Core/RISC-V Pipelined Core.srcs/sources_1/new/PC_adder.v" into library xil_defaultlib
INFO: [VRFC 10-311] analyzing module PC_adder
INFO: [VRFC 10-2263] Analyzing Verilog file "E:/Electronics/Vivado/RISC-V Pipelined Core/RISC-V Pipelined Core.srcs/sources_1/new/Program_Counter.v" into library xil_defaultlib
INFO: [VRFC 10-311] analyzing module PC
INFO: [VRFC 10-2263] Analyzing Verilog file "E:/Electronics/Vivado/RISC-V Pipelined Core/RISC-V Pipelined Core.srcs/sources_1/new/mux_2X1.v" into library xil_defaultlib
INFO: [VRFC 10-311] analyzing module mux_2X1
INFO: [VRFC 10-2263] Analyzing Verilog file "E:/Electronics/Vivado/RISC-V Pipelined Core/RISC-V Pipelined Core.srcs/sim_1/new/fetch_cycle_tb.v" into library xil_defaultlib
INFO: [VRFC 10-311] analyzing module fetch_cycle_tb
INFO: [USF-XSim-69] 'compile' step finished in '1' seconds
INFO: [Vivado 12-5682] Launching behavioral simulation in 'E:/Electronics/Vivado/RISC-V Pipelined Core/RISC-V Pipelined Core.sim/sim_1/behav/xsim'
INFO: [USF-XSim-3] XSim::Elaborate design
INFO: [USF-XSim-61] Executing 'ELABORATE' step in 'E:/Electronics/Vivado/RISC-V Pipelined Core/RISC-V Pipelined Core.sim/sim_1/behav/xsim'
"xelab -wto 9ccd67f064064eb4a4204e2d1f8a53da --incr --debug typical --relax --mt 2 -L xil_defaultlib -L unisims_ver -L unimacro_ver -L secureip --snapshot fetch_cycle_tb_behav xil_defaultlib.fetch_cycle_tb xil_defaultlib.glbl -log elaborate.log"
Vivado Simulator 2019.1
Copyright 1986-1999, 2001-2019 Xilinx, Inc. All Rights Reserved.
Running: C:/Xilinx/Vivado/2019.1/bin/unwrapped/win64.o/xelab.exe -wto 9ccd67f064064eb4a4204e2d1f8a53da --incr --debug typical --relax --mt 2 -L xil_defaultlib -L unisims_ver -L unimacro_ver -L secureip --snapshot fetch_cycle_tb_behav xil_defaultlib.fetch_cycle_tb xil_defaultlib.glbl -log elaborate.log 
Using 2 slave threads.
Starting static elaboration
Completed static elaboration
Starting simulation data flow analysis
WARNING: [XSIM 43-4099] "E:/Electronics/Vivado/RISC-V Pipelined Core/RISC-V Pipelined Core.srcs/sources_1/new/Fetch_Cycle.v" Line 2. Module Fetch_Cycle doesn't have a timescale but at least one module in design has a timescale.
Completed simulation data flow analysis
Time Resolution for simulation is 1ps
Compiling module xil_defaultlib.mux_2X1
Compiling module xil_defaultlib.PC
Compiling module xil_defaultlib.Instr_Mem
Compiling module xil_defaultlib.PC_adder
Compiling module xil_defaultlib.Fetch_Cycle
Compiling module xil_defaultlib.fetch_cycle_tb
Compiling module xil_defaultlib.glbl
Built simulation snapshot fetch_cycle_tb_behav
INFO: [USF-XSim-69] 'elaborate' step finished in '2' seconds
Vivado Simulator 2019.1
Time resolution is 1 ps
$finish called at time : 550 ns : File "E:/Electronics/Vivado/RISC-V Pipelined Core/RISC-V Pipelined Core.srcs/sim_1/new/fetch_cycle_tb.v" Line 27
relaunch_sim: Time (s): cpu = 00:00:01 ; elapsed = 00:00:06 . Memory (MB): peak = 923.906 ; gain = 0.000
relaunch_sim
INFO: [Vivado 12-5682] Launching behavioral simulation in 'E:/Electronics/Vivado/RISC-V Pipelined Core/RISC-V Pipelined Core.sim/sim_1/behav/xsim'
INFO: [SIM-utils-51] Simulation object is 'sim_1'
INFO: [SIM-utils-54] Inspecting design source files for 'fetch_cycle_tb' in fileset 'sim_1'...
INFO: [USF-XSim-97] Finding global include files...
INFO: [USF-XSim-98] Fetching design files from 'sim_1'...
INFO: [USF-XSim-2] XSim::Compile design
INFO: [USF-XSim-61] Executing 'COMPILE and ANALYZE' step in 'E:/Electronics/Vivado/RISC-V Pipelined Core/RISC-V Pipelined Core.sim/sim_1/behav/xsim'
"xvlog --incr --relax -prj fetch_cycle_tb_vlog.prj"
INFO: [USF-XSim-69] 'compile' step finished in '1' seconds
INFO: [Vivado 12-5682] Launching behavioral simulation in 'E:/Electronics/Vivado/RISC-V Pipelined Core/RISC-V Pipelined Core.sim/sim_1/behav/xsim'
INFO: [USF-XSim-3] XSim::Elaborate design
INFO: [USF-XSim-61] Executing 'ELABORATE' step in 'E:/Electronics/Vivado/RISC-V Pipelined Core/RISC-V Pipelined Core.sim/sim_1/behav/xsim'
"xelab -wto 9ccd67f064064eb4a4204e2d1f8a53da --incr --debug typical --relax --mt 2 -L xil_defaultlib -L unisims_ver -L unimacro_ver -L secureip --snapshot fetch_cycle_tb_behav xil_defaultlib.fetch_cycle_tb xil_defaultlib.glbl -log elaborate.log"
Vivado Simulator 2019.1
Copyright 1986-1999, 2001-2019 Xilinx, Inc. All Rights Reserved.
Running: C:/Xilinx/Vivado/2019.1/bin/unwrapped/win64.o/xelab.exe -wto 9ccd67f064064eb4a4204e2d1f8a53da --incr --debug typical --relax --mt 2 -L xil_defaultlib -L unisims_ver -L unimacro_ver -L secureip --snapshot fetch_cycle_tb_behav xil_defaultlib.fetch_cycle_tb xil_defaultlib.glbl -log elaborate.log 
Using 2 slave threads.
Starting static elaboration
Completed static elaboration
INFO: [XSIM 43-4323] No Change in HDL. Linking previously generated obj files to create kernel
INFO: [USF-XSim-69] 'elaborate' step finished in '1' seconds
Vivado Simulator 2019.1
Time resolution is 1 ps
$finish called at time : 550 ns : File "E:/Electronics/Vivado/RISC-V Pipelined Core/RISC-V Pipelined Core.srcs/sim_1/new/fetch_cycle_tb.v" Line 27
relaunch_sim: Time (s): cpu = 00:00:00 ; elapsed = 00:00:06 . Memory (MB): peak = 923.906 ; gain = 0.000
update_compile_order -fileset sources_1
close_sim
INFO: [Simtcl 6-16] Simulation closed
exit
INFO: [Common 17-206] Exiting Vivado at Sat Mar 15 20:13:12 2025...
