Vivado Simulator v2025.2
Copyright 1986-2022 Xilinx, Inc. All Rights Reserved.
Copyright 2022-2025 Advanced Micro Devices, Inc. All Rights Reserved.
Running: C:/AMDDesignTools/2025.2/Vivado/bin/unwrapped/win64.o/xelab.exe --incr --debug typical --relax --mt 2 -L xil_defaultlib -L unisims_ver -L unimacro_ver -L secureip --snapshot Single_Cycle_Processor_tb_behav xil_defaultlib.Single_Cycle_Processor_tb xil_defaultlib.glbl -log elaborate.log 
Using 2 slave threads.
Starting static elaboration
Pass Through NonSizing Optimizer
Completed static elaboration
Starting simulation data flow analysis
WARNING: [XSIM 43-4099] "E:/Electronics/Verilog Projects/RISC-V_Single_Cycle_Core/RISC-V.srcs/sources_1/new/ALU.v" Line 2. Module ALU doesn't have a timescale but at least one module in design has a timescale.
WARNING: [XSIM 43-4099] "E:/Electronics/Verilog Projects/RISC-V_Single_Cycle_Core/RISC-V.srcs/sources_1/new/Control_Unit_Top.v" Line 1. Module Control_Unit doesn't have a timescale but at least one module in design has a timescale.
WARNING: [XSIM 43-4099] "E:/Electronics/Verilog Projects/RISC-V_Single_Cycle_Core/RISC-V.srcs/sources_1/new/ALU_Decoder.v" Line 3. Module ALU_Decoder doesn't have a timescale but at least one module in design has a timescale.
WARNING: [XSIM 43-4099] "E:/Electronics/Verilog Projects/RISC-V_Single_Cycle_Core/RISC-V.srcs/sources_1/new/Data_Memory.v" Line 3. Module data_mem doesn't have a timescale but at least one module in design has a timescale.
Completed simulation data flow analysis
Time Resolution for simulation is 1ps
Compiling module xil_defaultlib.PC
Compiling module xil_defaultlib.Instr_Mem
Compiling module xil_defaultlib.Register_File
Compiling module xil_defaultlib.mux_2X1
Compiling module xil_defaultlib.Sign_Extend
Compiling module xil_defaultlib.ALU
Compiling module xil_defaultlib.Main_Decoder
Compiling module xil_defaultlib.ALU_Decoder
Compiling module xil_defaultlib.Control_Unit
Compiling module xil_defaultlib.data_mem
Compiling module xil_defaultlib.PC_adder
Compiling module xil_defaultlib.Single_Cycle_top
Compiling module xil_defaultlib.Single_Cycle_Processor_tb
Compiling module xil_defaultlib.glbl
Built simulation snapshot Single_Cycle_Processor_tb_behav
